
> @devlaunch/ui@1.0.0 build C:\Users\Gamer1\Desktop\devl-project\packages\ui
> tsup

[34mCLI[39m Building entry: src/index.ts, src/tailwind-preset.ts
[34mCLI[39m Using tsconfig: tsconfig.json
[34mCLI[39m tsup v8.5.0
[34mCLI[39m Using tsup config: C:\Users\Gamer1\Desktop\devl-project\packages\ui\tsup.config.ts
[34mCLI[39m Target: es2020
[34mCLI[39m Cleaning output folder
[34mCJS[39m Build start
[34mESM[39m Build start
[32mCJS[39m [1mdist\index.js               [22m[32m103.58 KB[39m
[32mCJS[39m [1mdist\tailwind-preset.js     [22m[32m11.79 KB[39m
[32mCJS[39m [1mdist\index.js.map           [22m[32m160.99 KB[39m
[32mCJS[39m [1mdist\tailwind-preset.js.map [22m[32m15.67 KB[39m
[32mCJS[39m ⚡️ Build success in 31ms
[32mESM[39m [1mdist\tailwind-preset.mjs     [22m[32m11.80 KB[39m
[32mESM[39m [1mdist\index.mjs               [22m[32m89.36 KB[39m
[32mESM[39m [1mdist\tailwind-preset.mjs.map [22m[32m15.61 KB[39m
[32mESM[39m [1mdist\index.mjs.map           [22m[32m157.43 KB[39m
[32mESM[39m ⚡️ Build success in 31ms
[34mDTS[39m Build start
[32mDTS[39m ⚡️ Build success in 2040ms
[32mDTS[39m [1mdist\index.d.ts            [22m[32m33.68 KB[39m
[32mDTS[39m [1mdist\tailwind-preset.d.ts  [22m[32m100.00 B[39m
[32mDTS[39m [1mdist\index.d.mts           [22m[32m33.68 KB[39m
[32mDTS[39m [1mdist\tailwind-preset.d.mts [22m[32m100.00 B[39m
